// Jest Snapshot v1, https://goo.gl/fbAQLP

exports[`FlagHn renders without crashing 1`] = `
<svg
  viewBox="0 0 72 36"
  xmlnsXlink="http://www.w3.org/1999/xlink"
>
  <path
    d="M0 0h72v36H0z"
    fill="#0073cf"
  />
  <path
    d="M0 12h72v12H0z"
    fill="#fff"
  />
  <g
    fill="#0073cf"
    id="se30fab8f"
    transform="matrix(2 0 0 2 36 18)"
  >
    <g
      id="s1efae5c5"
    >
      <path
        d="M0 0v1h.5z"
        id="s0725a184"
        transform="rotate(18 3.157 -.5)"
      />
      <use
        transform="scale(-1 1)"
        xlinkHref="#s0725a184"
      />
    </g>
    <use
      transform="rotate(72)"
      xlinkHref="#s1efae5c5"
    />
    <use
      transform="rotate(-72)"
      xlinkHref="#s1efae5c5"
    />
    <use
      transform="rotate(144)"
      xlinkHref="#s1efae5c5"
    />
    <use
      transform="rotate(-144)"
      xlinkHref="#s1efae5c5"
    />
  </g>
  <use
    transform="translate(10 -3.2)"
    xlinkHref="#se30fab8f"
  />
  <use
    transform="translate(10 2.8)"
    xlinkHref="#se30fab8f"
  />
  <use
    transform="translate(-10 -3.2)"
    xlinkHref="#se30fab8f"
  />
  <use
    transform="translate(-10 2.8)"
    xlinkHref="#se30fab8f"
  />
</svg>
`;
