// Jest Snapshot v1, https://goo.gl/fbAQLP

exports[`FlagMw renders without crashing 1`] = `
<svg
  viewBox="-225 -114 450 300"
  xmlnsXlink="http://www.w3.org/1999/xlink"
>
  <path
    d="M-225-114h450v300h-450z"
  />
  <g
    fill="#CE1126"
  >
    <circle
      r={64.5}
    />
    <path
      d="M-225-14h450V86h-450z"
    />
    <g
      id="sd900dd45"
    >
      <g
        id="s3c3a9268"
      >
        <g
          id="s4f60582f"
        >
          <g
            id="s5e4c7efc"
          >
            <path
              d="M0-102c-2.2 0-3 3.3-3 6.5 0 8 1 12 3 23.5 2.04-11.5 3-15.6 3-23.5 0-3.3-1-6.5-3-6.5"
              id="s77ff1721"
            />
            <use
              transform="rotate(5)"
              xlinkHref="#s77ff1721"
            />
          </g>
          <use
            transform="rotate(10)"
            xlinkHref="#s5e4c7efc"
          />
        </g>
        <use
          transform="rotate(20)"
          xlinkHref="#s4f60582f"
        />
      </g>
      <use
        transform="rotate(40)"
        xlinkHref="#s3c3a9268"
      />
    </g>
    <use
      transform="rotate(-80)"
      xlinkHref="#sd900dd45"
    />
  </g>
  <path
    d="M-225-21.5h450v7.5h-450z"
  />
  <path
    d="M-225 86h450v100h-450z"
    fill="#339E35"
  />
</svg>
`;
