// Jest Snapshot v1, https://goo.gl/fbAQLP

exports[`FlagCf renders without crashing 1`] = `
<svg
  viewBox="0 0 450 300"
>
  <path
    d="M0 0h450v300H0z"
    fill="#FFCE00"
  />
  <path
    d="M0 0h450v225H0z"
    fill="#289728"
  />
  <path
    d="M0 0h450v150H0z"
    fill="#FFF"
  />
  <path
    d="M0 0h450v75H0z"
    fill="#003082"
  />
  <path
    d="M187.5 0h75v300h-75z"
    fill="#D21034"
  />
  <path
    d="M75.028 7.004L94.9 67.996 42.902 30.333h64.197L55.1 67.996 75.028 7.004z"
    fill="#FFCE00"
  />
</svg>
`;
