// Jest Snapshot v1, https://goo.gl/fbAQLP

exports[`FlagMa renders without crashing 1`] = `
<svg
  viewBox="0 0 900 600"
>
  <path
    d="M900 0H0v600h900z"
    fill="#c1272d"
  />
  <path
    d="M450 224.315l-44.467 136.87 116.401-84.559h-143.87l116.403 84.559z"
    fill="none"
    stroke="#006233"
    strokeWidth={14.63}
  />
</svg>
`;
