// Jest Snapshot v1, https://goo.gl/fbAQLP

exports[`FlagTn renders without crashing 1`] = `
<svg
  viewBox="-60 -40 120 80"
>
  <g
    fill="#E70013"
  >
    <path
      d="M-60-40H60v80H-60z"
    />
    <circle
      fill="#FFF"
      r={20}
    />
    <circle
      r={15}
    />
    <circle
      cx={4}
      fill="#FFF"
      r={12}
    />
    <path
      d="M-5 0l16.281-5.29L1.22 8.56V-8.56L11.28 5.29z"
    />
  </g>
</svg>
`;
