// Jest Snapshot v1, https://goo.gl/fbAQLP

exports[`FlagPh renders without crashing 1`] = `
<svg
  viewBox="0 0 180 90"
  xmlnsXlink="http://www.w3.org/1999/xlink"
>
  <path
    d="M0 0h180v90H0z"
    fill="#0038a8"
  />
  <path
    d="M0 45h180v45H0z"
    fill="#ce1126"
  />
  <path
    d="M77.942 45L0 90V0"
    fill="#fff"
  />
  <g
    fill="#fcd116"
    transform="translate(28 45)"
  >
    <circle
      r={9}
    />
    <g
      id="s94ec592d"
    >
      <g
        id="sf31cda82"
      >
        <g
          id="sa25ec7ea"
        >
          <path
            d="M-1 0l.062.062L0 0l-.938-.062z"
            transform="scale(19)"
          />
          <path
            d="M-.884.116l.05.05L0 0z"
            id="s7c77c517"
            transform="scale(19.2381)"
          />
          <use
            transform="scale(1 -1)"
            xlinkHref="#s7c77c517"
          />
        </g>
        <use
          transform="rotate(45)"
          xlinkHref="#sa25ec7ea"
        />
      </g>
      <use
        transform="rotate(90)"
        xlinkHref="#sf31cda82"
      />
    </g>
    <use
      transform="rotate(180)"
      xlinkHref="#s94ec592d"
    />
    <g
      transform="translate(-2.02)"
    >
      <g
        id="s9adb718d"
        transform="translate(37.962)"
      >
        <path
          d="M5 0L1.618 1.176l-.073 3.58-2.163-2.854-3.427 1.037L-2 0z"
          id="sfefc3cc8"
        />
        <use
          transform="scale(1 -1)"
          xlinkHref="#sfefc3cc8"
        />
      </g>
      <use
        transform="rotate(120)"
        xlinkHref="#s9adb718d"
      />
      <use
        transform="rotate(-120)"
        xlinkHref="#s9adb718d"
      />
    </g>
  </g>
</svg>
`;
